-- The C compiler identification is GNU 11.4.0
-- The CXX compiler identification is GNU 11.4.0
-- Detecting C compiler ABI info
-- Detecting C compiler ABI info - done
-- Check for working C compiler: /usr/bin/cc - skipped
-- Detecting C compile features
-- Detecting C compile features - done
-- Detecting CXX compiler ABI info
-- Detecting CXX compiler ABI info - done
-- Check for working CXX compiler: /usr/bin/c++ - skipped
-- Detecting CXX compile features
-- Detecting CXX compile features - done
-- Found ament_cmake: 1.3.14 (/opt/ros/humble/share/ament_cmake/cmake)
-- Found Python3: /usr/bin/python3 (found version "3.10.12") found components: Interpreter 
-- Override CMake install command with custom implementation using symlinks instead of copying resources
-- Found sensor_msgs: 4.9.1 (/opt/ros/humble/share/sensor_msgs/cmake)
-- Found rosidl_generator_c: 3.1.9 (/opt/ros/humble/share/rosidl_generator_c/cmake)
-- Found rosidl_adapter: 3.1.9 (/opt/ros/humble/share/rosidl_adapter/cmake)
-- Found rosidl_generator_cpp: 3.1.9 (/opt/ros/humble/share/rosidl_generator_cpp/cmake)
-- Using all available rosidl_typesupport_c: rosidl_typesupport_fastrtps_c;rosidl_typesupport_introspection_c
-- Using all available rosidl_typesupport_cpp: rosidl_typesupport_fastrtps_cpp;rosidl_typesupport_introspection_cpp
-- Found rclcpp: 16.0.19 (/opt/ros/humble/share/rclcpp/cmake)
-- Found rmw_implementation_cmake: 6.1.2 (/opt/ros/humble/share/rmw_implementation_cmake/cmake)
-- Found rmw_cyclonedds_cpp: 1.3.4 (/opt/ros/humble/share/rmw_cyclonedds_cpp/cmake)
-- Using RMW implementation 'rmw_cyclonedds_cpp' as default
-- Looking for pthread.h
-- Looking for pthread.h - found
-- Performing Test CMAKE_HAVE_LIBC_PTHREAD
-- Performing Test CMAKE_HAVE_LIBC_PTHREAD - Success
-- Found Threads: TRUE  
-- Found cv_bridge: 3.2.1 (/opt/ros/humble/share/cv_bridge/cmake)
-- Found image_transport: 3.1.13 (/opt/ros/humble/share/image_transport/cmake)
-- Found OpenCV: /usr (found version "4.5.4") 
-- Found camera_info_manager: 3.1.13 (/opt/ros/humble/share/camera_info_manager/cmake)
-- Configuring done
-- Generating done
-- Build files have been written to: /home/nemo/ros_ws/src/auv_camera_bringup/build/auv_camera_bringup
[ 42%] Building CXX object CMakeFiles/dwe_ros2_parser.dir/src/dwe_ros2_parser.cc.o
[ 42%] Building CXX object CMakeFiles/dwe_ros2_parser.dir/src/main.cc.o
[ 57%] Building CXX object CMakeFiles/camera_info_publisher.dir/src/camera_info_publisher.cc.o
[ 57%] Building CXX object CMakeFiles/image_sub.dir/src/image_subscriber.cc.o
[ 71%] Linking CXX executable image_sub
[ 71%] Built target image_sub
[ 85%] Linking CXX executable dwe_ros2_parser
[ 85%] Built target dwe_ros2_parser
[100%] Linking CXX executable camera_info_publisher
[100%] Built target camera_info_publisher
-- Install configuration: ""
-- Execute custom install script
-- Symlinking: /home/nemo/ros_ws/src/auv_camera_bringup/install/auv_camera_bringup/share/auv_camera_bringup/launch/__pycache__/dwe_ros2_dual.launch.cpython-310.pyc
-- Symlinking: /home/nemo/ros_ws/src/auv_camera_bringup/install/auv_camera_bringup/share/auv_camera_bringup/launch/dwe_ros2_dual.launch.py
-- Symlinking: /home/nemo/ros_ws/src/auv_camera_bringup/install/auv_camera_bringup/share/auv_camera_bringup/launch/dwe_ros2_parser.launch.py
-- Symlinking: /home/nemo/ros_ws/src/auv_camera_bringup/install/auv_camera_bringup/share/auv_camera_bringup/launch/dwe_ros2_record.launch.py
-- Symlinking: /home/nemo/ros_ws/src/auv_camera_bringup/install/auv_camera_bringup/share/auv_camera_bringup/config/camera_1.yaml
-- Symlinking: /home/nemo/ros_ws/src/auv_camera_bringup/install/auv_camera_bringup/share/auv_camera_bringup/config/camera_2.yaml
-- Symlinking: /home/nemo/ros_ws/src/auv_camera_bringup/install/auv_camera_bringup/share/auv_camera_bringup/udev/99-dwe-cameras.rules
-- Symlinking: /home/nemo/ros_ws/src/auv_camera_bringup/install/auv_camera_bringup/lib/auv_camera_bringup/dwe_ros2_parser
-- Symlinking: /home/nemo/ros_ws/src/auv_camera_bringup/install/auv_camera_bringup/lib/auv_camera_bringup/image_sub
-- Symlinking: /home/nemo/ros_ws/src/auv_camera_bringup/install/auv_camera_bringup/lib/auv_camera_bringup/camera_info_publisher
-- Symlinking: /home/nemo/ros_ws/src/auv_camera_bringup/install/auv_camera_bringup/share/ament_index/resource_index/package_run_dependencies/auv_camera_bringup
-- Symlinking: /home/nemo/ros_ws/src/auv_camera_bringup/install/auv_camera_bringup/share/ament_index/resource_index/parent_prefix_path/auv_camera_bringup
-- Symlinking: /home/nemo/ros_ws/src/auv_camera_bringup/install/auv_camera_bringup/share/auv_camera_bringup/environment/ament_prefix_path.sh
-- Symlinking: /home/nemo/ros_ws/src/auv_camera_bringup/install/auv_camera_bringup/share/auv_camera_bringup/environment/ament_prefix_path.dsv
-- Symlinking: /home/nemo/ros_ws/src/auv_camera_bringup/install/auv_camera_bringup/share/auv_camera_bringup/environment/path.sh
-- Symlinking: /home/nemo/ros_ws/src/auv_camera_bringup/install/auv_camera_bringup/share/auv_camera_bringup/environment/path.dsv
-- Symlinking: /home/nemo/ros_ws/src/auv_camera_bringup/install/auv_camera_bringup/share/auv_camera_bringup/local_setup.bash
-- Symlinking: /home/nemo/ros_ws/src/auv_camera_bringup/install/auv_camera_bringup/share/auv_camera_bringup/local_setup.sh
-- Symlinking: /home/nemo/ros_ws/src/auv_camera_bringup/install/auv_camera_bringup/share/auv_camera_bringup/local_setup.zsh
-- Symlinking: /home/nemo/ros_ws/src/auv_camera_bringup/install/auv_camera_bringup/share/auv_camera_bringup/local_setup.dsv
-- Symlinking: /home/nemo/ros_ws/src/auv_camera_bringup/install/auv_camera_bringup/share/auv_camera_bringup/package.dsv
-- Symlinking: /home/nemo/ros_ws/src/auv_camera_bringup/install/auv_camera_bringup/share/ament_index/resource_index/packages/auv_camera_bringup
-- Symlinking: /home/nemo/ros_ws/src/auv_camera_bringup/install/auv_camera_bringup/share/auv_camera_bringup/cmake/auv_camera_bringupConfig.cmake
-- Symlinking: /home/nemo/ros_ws/src/auv_camera_bringup/install/auv_camera_bringup/share/auv_camera_bringup/cmake/auv_camera_bringupConfig-version.cmake
-- Symlinking: /home/nemo/ros_ws/src/auv_camera_bringup/install/auv_camera_bringup/share/auv_camera_bringup/package.xml
