[0.018s] Invoking command in '/home/nemo/ros_ws/src/auv_camera_bringup/build/auv_camera_bringup': CMAKE_PREFIX_PATH=/opt/ros/humble /usr/bin/cmake /home/nemo/ros_ws/src/auv_camera_bringup -DAMENT_CMAKE_SYMLINK_INSTALL=1 -DCMAKE_INSTALL_PREFIX=/home/nemo/ros_ws/src/auv_camera_bringup/install/auv_camera_bringup
[0.177s] -- The C compiler identification is GNU 11.4.0
[0.337s] -- The CXX compiler identification is GNU 11.4.0
[0.360s] -- Detecting C compiler ABI info
[0.501s] -- Detecting C compiler ABI info - done
[0.525s] -- Check for working C compiler: /usr/bin/cc - skipped
[0.527s] -- Detecting C compile features
[0.528s] -- Detecting C compile features - done
[0.538s] -- Detecting CXX compiler ABI info
[0.697s] -- Detecting CXX compiler ABI info - done
[0.722s] -- Check for working CXX compiler: /usr/bin/c++ - skipped
[0.723s] -- Detecting CXX compile features
[0.724s] -- Detecting CXX compile features - done
[0.734s] -- Found ament_cmake: 1.3.14 (/opt/ros/humble/share/ament_cmake/cmake)
[1.067s] -- Found Python3: /usr/bin/python3 (found version "3.10.12") found components: Interpreter 
[1.211s] -- Override CMake install command with custom implementation using symlinks instead of copying resources
[1.266s] -- Found sensor_msgs: 4.9.1 (/opt/ros/humble/share/sensor_msgs/cmake)
[1.337s] -- Found rosidl_generator_c: 3.1.9 (/opt/ros/humble/share/rosidl_generator_c/cmake)
[1.346s] -- Found rosidl_adapter: 3.1.9 (/opt/ros/humble/share/rosidl_adapter/cmake)
[1.364s] -- Found rosidl_generator_cpp: 3.1.9 (/opt/ros/humble/share/rosidl_generator_cpp/cmake)
[1.390s] -- Using all available rosidl_typesupport_c: rosidl_typesupport_fastrtps_c;rosidl_typesupport_introspection_c
[1.430s] -- Using all available rosidl_typesupport_cpp: rosidl_typesupport_fastrtps_cpp;rosidl_typesupport_introspection_cpp
[1.558s] -- Found rclcpp: 16.0.19 (/opt/ros/humble/share/rclcpp/cmake)
[1.633s] -- Found rmw_implementation_cmake: 6.1.2 (/opt/ros/humble/share/rmw_implementation_cmake/cmake)
[1.638s] -- Found rmw_cyclonedds_cpp: 1.3.4 (/opt/ros/humble/share/rmw_cyclonedds_cpp/cmake)
[1.685s] -- Using RMW implementation 'rmw_cyclonedds_cpp' as default
[1.701s] -- Looking for pthread.h
[1.846s] -- Looking for pthread.h - found
[1.847s] -- Performing Test CMAKE_HAVE_LIBC_PTHREAD
[2.000s] -- Performing Test CMAKE_HAVE_LIBC_PTHREAD - Success
[2.003s] -- Found Threads: TRUE  
[2.121s] -- Found cv_bridge: 3.2.1 (/opt/ros/humble/share/cv_bridge/cmake)
[2.146s] -- Found image_transport: 3.1.13 (/opt/ros/humble/share/image_transport/cmake)
[2.212s] -- Found OpenCV: /usr (found version "4.5.4") 
[2.214s] -- Found camera_info_manager: 3.1.13 (/opt/ros/humble/share/camera_info_manager/cmake)
[2.397s] -- Configuring done
[2.457s] -- Generating done
[2.474s] -- Build files have been written to: /home/nemo/ros_ws/src/auv_camera_bringup/build/auv_camera_bringup
[2.497s] Invoked command in '/home/nemo/ros_ws/src/auv_camera_bringup/build/auv_camera_bringup' returned '0': CMAKE_PREFIX_PATH=/opt/ros/humble /usr/bin/cmake /home/nemo/ros_ws/src/auv_camera_bringup -DAMENT_CMAKE_SYMLINK_INSTALL=1 -DCMAKE_INSTALL_PREFIX=/home/nemo/ros_ws/src/auv_camera_bringup/install/auv_camera_bringup
[2.502s] Invoking command in '/home/nemo/ros_ws/src/auv_camera_bringup/build/auv_camera_bringup': CMAKE_PREFIX_PATH=/opt/ros/humble /usr/bin/cmake --build /home/nemo/ros_ws/src/auv_camera_bringup/build/auv_camera_bringup -- -j6 -l6
[2.598s] [ 42%] Building CXX object CMakeFiles/dwe_ros2_parser.dir/src/dwe_ros2_parser.cc.o
[2.598s] [ 42%] Building CXX object CMakeFiles/dwe_ros2_parser.dir/src/main.cc.o
[2.599s] [ 57%] Building CXX object CMakeFiles/camera_info_publisher.dir/src/camera_info_publisher.cc.o
[2.599s] [ 57%] Building CXX object CMakeFiles/image_sub.dir/src/image_subscriber.cc.o
[11.797s] /home/nemo/ros_ws/src/auv_camera_bringup/src/dwe_ros2_parser.cc: In function ‘void signal_handler(int)’:
[11.797s] /home/nemo/ros_ws/src/auv_camera_bringup/src/dwe_ros2_parser.cc:7:25: warning: unused parameter ‘signum’ [-Wunused-parameter]
[11.797s]     7 | void signal_handler(int signum) {
[11.798s]       |                     ~~~~^~~~~~
[14.998s] [ 71%] Linking CXX executable image_sub
[16.084s] [ 71%] Built target image_sub
[18.725s] [ 85%] Linking CXX executable dwe_ros2_parser
[20.116s] [ 85%] Built target dwe_ros2_parser
[30.964s] [100%] Linking CXX executable camera_info_publisher
[32.206s] [100%] Built target camera_info_publisher
[32.230s] Invoked command in '/home/nemo/ros_ws/src/auv_camera_bringup/build/auv_camera_bringup' returned '0': CMAKE_PREFIX_PATH=/opt/ros/humble /usr/bin/cmake --build /home/nemo/ros_ws/src/auv_camera_bringup/build/auv_camera_bringup -- -j6 -l6
[32.251s] Invoking command in '/home/nemo/ros_ws/src/auv_camera_bringup/build/auv_camera_bringup': CMAKE_PREFIX_PATH=/opt/ros/humble /usr/bin/cmake --install /home/nemo/ros_ws/src/auv_camera_bringup/build/auv_camera_bringup
[32.267s] -- Install configuration: ""
[32.268s] -- Execute custom install script
[32.269s] -- Symlinking: /home/nemo/ros_ws/src/auv_camera_bringup/install/auv_camera_bringup/share/auv_camera_bringup/launch/__pycache__/dwe_ros2_dual.launch.cpython-310.pyc
[32.286s] -- Symlinking: /home/nemo/ros_ws/src/auv_camera_bringup/install/auv_camera_bringup/share/auv_camera_bringup/launch/dwe_ros2_dual.launch.py
[32.302s] -- Symlinking: /home/nemo/ros_ws/src/auv_camera_bringup/install/auv_camera_bringup/share/auv_camera_bringup/launch/dwe_ros2_parser.launch.py
[32.318s] -- Symlinking: /home/nemo/ros_ws/src/auv_camera_bringup/install/auv_camera_bringup/share/auv_camera_bringup/launch/dwe_ros2_record.launch.py
[32.335s] -- Symlinking: /home/nemo/ros_ws/src/auv_camera_bringup/install/auv_camera_bringup/share/auv_camera_bringup/config/camera_1.yaml
[32.353s] -- Symlinking: /home/nemo/ros_ws/src/auv_camera_bringup/install/auv_camera_bringup/share/auv_camera_bringup/config/camera_2.yaml
[32.370s] -- Symlinking: /home/nemo/ros_ws/src/auv_camera_bringup/install/auv_camera_bringup/share/auv_camera_bringup/udev/99-dwe-cameras.rules
[32.389s] -- Symlinking: /home/nemo/ros_ws/src/auv_camera_bringup/install/auv_camera_bringup/lib/auv_camera_bringup/dwe_ros2_parser
[32.406s] -- Symlinking: /home/nemo/ros_ws/src/auv_camera_bringup/install/auv_camera_bringup/lib/auv_camera_bringup/image_sub
[32.424s] -- Symlinking: /home/nemo/ros_ws/src/auv_camera_bringup/install/auv_camera_bringup/lib/auv_camera_bringup/camera_info_publisher
[32.441s] -- Symlinking: /home/nemo/ros_ws/src/auv_camera_bringup/install/auv_camera_bringup/share/ament_index/resource_index/package_run_dependencies/auv_camera_bringup
[32.459s] -- Symlinking: /home/nemo/ros_ws/src/auv_camera_bringup/install/auv_camera_bringup/share/ament_index/resource_index/parent_prefix_path/auv_camera_bringup
[32.477s] -- Symlinking: /home/nemo/ros_ws/src/auv_camera_bringup/install/auv_camera_bringup/share/auv_camera_bringup/environment/ament_prefix_path.sh
[32.494s] -- Symlinking: /home/nemo/ros_ws/src/auv_camera_bringup/install/auv_camera_bringup/share/auv_camera_bringup/environment/ament_prefix_path.dsv
[32.512s] -- Symlinking: /home/nemo/ros_ws/src/auv_camera_bringup/install/auv_camera_bringup/share/auv_camera_bringup/environment/path.sh
[32.528s] -- Symlinking: /home/nemo/ros_ws/src/auv_camera_bringup/install/auv_camera_bringup/share/auv_camera_bringup/environment/path.dsv
[32.545s] -- Symlinking: /home/nemo/ros_ws/src/auv_camera_bringup/install/auv_camera_bringup/share/auv_camera_bringup/local_setup.bash
[32.562s] -- Symlinking: /home/nemo/ros_ws/src/auv_camera_bringup/install/auv_camera_bringup/share/auv_camera_bringup/local_setup.sh
[32.579s] -- Symlinking: /home/nemo/ros_ws/src/auv_camera_bringup/install/auv_camera_bringup/share/auv_camera_bringup/local_setup.zsh
[32.595s] -- Symlinking: /home/nemo/ros_ws/src/auv_camera_bringup/install/auv_camera_bringup/share/auv_camera_bringup/local_setup.dsv
[32.612s] -- Symlinking: /home/nemo/ros_ws/src/auv_camera_bringup/install/auv_camera_bringup/share/auv_camera_bringup/package.dsv
[32.628s] -- Symlinking: /home/nemo/ros_ws/src/auv_camera_bringup/install/auv_camera_bringup/share/ament_index/resource_index/packages/auv_camera_bringup
[32.646s] -- Symlinking: /home/nemo/ros_ws/src/auv_camera_bringup/install/auv_camera_bringup/share/auv_camera_bringup/cmake/auv_camera_bringupConfig.cmake
[32.664s] -- Symlinking: /home/nemo/ros_ws/src/auv_camera_bringup/install/auv_camera_bringup/share/auv_camera_bringup/cmake/auv_camera_bringupConfig-version.cmake
[32.681s] -- Symlinking: /home/nemo/ros_ws/src/auv_camera_bringup/install/auv_camera_bringup/share/auv_camera_bringup/package.xml
[32.702s] Invoked command in '/home/nemo/ros_ws/src/auv_camera_bringup/build/auv_camera_bringup' returned '0': CMAKE_PREFIX_PATH=/opt/ros/humble /usr/bin/cmake --install /home/nemo/ros_ws/src/auv_camera_bringup/build/auv_camera_bringup
