[0.249s] DEBUG:colcon:Command line arguments: ['/usr/bin/colcon', 'build', '--packages-select', 'auv_camera_bringup', '--symlink-install']
[0.250s] DEBUG:colcon:Parsed command line arguments: Namespace(log_base=None, log_level=None, verb_name='build', build_base='build', install_base='install', merge_install=False, symlink_install=True, test_result_base=None, continue_on_error=False, executor='parallel', parallel_workers=6, event_handlers=None, ignore_user_meta=False, metas=['./colcon.meta'], base_paths=['.'], packages_ignore=None, packages_ignore_regex=None, paths=None, packages_up_to=None, packages_up_to_regex=None, packages_above=None, packages_above_and_dependencies=None, packages_above_depth=None, packages_select_by_dep=None, packages_skip_by_dep=None, packages_skip_up_to=None, packages_select_build_failed=False, packages_skip_build_finished=False, packages_select_test_failures=False, packages_skip_test_passed=False, packages_select=['auv_camera_bringup'], packages_skip=None, packages_select_regex=None, packages_skip_regex=None, packages_start=None, packages_end=None, allow_overriding=[], cmake_args=None, cmake_target=None, cmake_target_skip_unavailable=False, cmake_clean_cache=False, cmake_clean_first=False, cmake_force_configure=False, ament_cmake_args=None, catkin_cmake_args=None, catkin_skip_building_tests=False, mixin_files=None, mixin=None, verb_parser=<colcon_mixin.mixin.mixin_argument.MixinArgumentDecorator object at 0xffff8843c670>, verb_extension=<colcon_core.verb.build.BuildVerb object at 0xffff883ffc10>, main=<bound method BuildVerb.main of <colcon_core.verb.build.BuildVerb object at 0xffff883ffc10>>, mixin_verb=('build',))
[0.613s] Level 1:colcon.colcon_core.package_discovery:discover_packages(colcon_meta) check parameters
[0.614s] Level 1:colcon.colcon_core.package_discovery:discover_packages(recursive) check parameters
[0.614s] Level 1:colcon.colcon_core.package_discovery:discover_packages(ignore) check parameters
[0.614s] Level 1:colcon.colcon_core.package_discovery:discover_packages(path) check parameters
[0.614s] Level 1:colcon.colcon_core.package_discovery:discover_packages(colcon_meta) discover
[0.614s] Level 1:colcon.colcon_core.package_discovery:discover_packages(recursive) discover
[0.614s] INFO:colcon.colcon_core.package_discovery:Crawling recursively for packages in '/home/nemo/ros_ws/src/auv_camera_bringup'
[0.614s] Level 1:colcon.colcon_core.package_identification:_identify(.) by extensions ['ignore', 'ignore_ament_install']
[0.615s] Level 1:colcon.colcon_core.package_identification:_identify(.) by extension 'ignore'
[0.615s] Level 1:colcon.colcon_core.package_identification:_identify(.) by extension 'ignore_ament_install'
[0.615s] Level 1:colcon.colcon_core.package_identification:_identify(.) by extensions ['colcon_pkg']
[0.615s] Level 1:colcon.colcon_core.package_identification:_identify(.) by extension 'colcon_pkg'
[0.615s] Level 1:colcon.colcon_core.package_identification:_identify(.) by extensions ['colcon_meta']
[0.615s] Level 1:colcon.colcon_core.package_identification:_identify(.) by extension 'colcon_meta'
[0.615s] Level 1:colcon.colcon_core.package_identification:_identify(.) by extensions ['ros']
[0.616s] Level 1:colcon.colcon_core.package_identification:_identify(.) by extension 'ros'
[0.647s] DEBUG:colcon.colcon_core.package_identification:Package '.' with type 'ros.ament_cmake' and name 'auv_camera_bringup'
[0.647s] Level 1:colcon.colcon_core.package_discovery:discover_packages(recursive) using defaults
[0.647s] Level 1:colcon.colcon_core.package_discovery:discover_packages(ignore) discover
[0.647s] Level 1:colcon.colcon_core.package_discovery:discover_packages(ignore) using defaults
[0.647s] Level 1:colcon.colcon_core.package_discovery:discover_packages(path) discover
[0.647s] Level 1:colcon.colcon_core.package_discovery:discover_packages(path) using defaults
[0.692s] Level 1:colcon.colcon_core.package_discovery:discover_packages(prefix_path) check parameters
[0.692s] Level 1:colcon.colcon_core.package_discovery:discover_packages(prefix_path) discover
[0.699s] DEBUG:colcon.colcon_installed_package_information.package_discovery:Found 216 installed packages in /opt/ros/humble
[0.730s] Level 1:colcon.colcon_core.package_discovery:discover_packages(prefix_path) using defaults
[0.796s] Level 5:colcon.colcon_core.verb:set package 'auv_camera_bringup' build argument 'cmake_args' from command line to 'None'
[0.797s] Level 5:colcon.colcon_core.verb:set package 'auv_camera_bringup' build argument 'cmake_target' from command line to 'None'
[0.797s] Level 5:colcon.colcon_core.verb:set package 'auv_camera_bringup' build argument 'cmake_target_skip_unavailable' from command line to 'False'
[0.797s] Level 5:colcon.colcon_core.verb:set package 'auv_camera_bringup' build argument 'cmake_clean_cache' from command line to 'False'
[0.797s] Level 5:colcon.colcon_core.verb:set package 'auv_camera_bringup' build argument 'cmake_clean_first' from command line to 'False'
[0.797s] Level 5:colcon.colcon_core.verb:set package 'auv_camera_bringup' build argument 'cmake_force_configure' from command line to 'False'
[0.797s] Level 5:colcon.colcon_core.verb:set package 'auv_camera_bringup' build argument 'ament_cmake_args' from command line to 'None'
[0.797s] Level 5:colcon.colcon_core.verb:set package 'auv_camera_bringup' build argument 'catkin_cmake_args' from command line to 'None'
[0.797s] Level 5:colcon.colcon_core.verb:set package 'auv_camera_bringup' build argument 'catkin_skip_building_tests' from command line to 'False'
[0.797s] DEBUG:colcon.colcon_core.verb:Building package 'auv_camera_bringup' with the following arguments: {'ament_cmake_args': None, 'build_base': '/home/nemo/ros_ws/src/auv_camera_bringup/build/auv_camera_bringup', 'catkin_cmake_args': None, 'catkin_skip_building_tests': False, 'cmake_args': None, 'cmake_clean_cache': False, 'cmake_clean_first': False, 'cmake_force_configure': False, 'cmake_target': None, 'cmake_target_skip_unavailable': False, 'install_base': '/home/nemo/ros_ws/src/auv_camera_bringup/install/auv_camera_bringup', 'merge_install': False, 'path': '/home/nemo/ros_ws/src/auv_camera_bringup', 'symlink_install': True, 'test_result_base': None}
[0.798s] INFO:colcon.colcon_core.executor:Executing jobs using 'parallel' executor
[0.800s] DEBUG:colcon.colcon_parallel_executor.executor.parallel:run_until_complete
[0.800s] INFO:colcon.colcon_ros.task.ament_cmake.build:Building ROS package in '/home/nemo/ros_ws/src/auv_camera_bringup' with build type 'ament_cmake'
[0.801s] INFO:colcon.colcon_cmake.task.cmake.build:Building CMake package in '/home/nemo/ros_ws/src/auv_camera_bringup'
[0.805s] INFO:colcon.colcon_core.plugin_system:Skipping extension 'colcon_core.shell.bat': Not used on non-Windows systems
[0.805s] INFO:colcon.colcon_core.shell:Skip shell extension 'powershell' for command environment: Not usable outside of PowerShell
[0.805s] DEBUG:colcon.colcon_core.shell:Skip shell extension 'dsv' for command environment
[0.819s] DEBUG:colcon.colcon_core.event_handler.log_command:Invoking command in '/home/nemo/ros_ws/src/auv_camera_bringup/build/auv_camera_bringup': CMAKE_PREFIX_PATH=/opt/ros/humble /usr/bin/cmake /home/nemo/ros_ws/src/auv_camera_bringup -DAMENT_CMAKE_SYMLINK_INSTALL=1 -DCMAKE_INSTALL_PREFIX=/home/nemo/ros_ws/src/auv_camera_bringup/install/auv_camera_bringup
[3.298s] DEBUG:colcon.colcon_core.event_handler.log_command:Invoked command in '/home/nemo/ros_ws/src/auv_camera_bringup/build/auv_camera_bringup' returned '0': CMAKE_PREFIX_PATH=/opt/ros/humble /usr/bin/cmake /home/nemo/ros_ws/src/auv_camera_bringup -DAMENT_CMAKE_SYMLINK_INSTALL=1 -DCMAKE_INSTALL_PREFIX=/home/nemo/ros_ws/src/auv_camera_bringup/install/auv_camera_bringup
[3.303s] DEBUG:colcon.colcon_core.event_handler.log_command:Invoking command in '/home/nemo/ros_ws/src/auv_camera_bringup/build/auv_camera_bringup': CMAKE_PREFIX_PATH=/opt/ros/humble /usr/bin/cmake --build /home/nemo/ros_ws/src/auv_camera_bringup/build/auv_camera_bringup -- -j6 -l6
[33.031s] DEBUG:colcon.colcon_core.event_handler.log_command:Invoked command in '/home/nemo/ros_ws/src/auv_camera_bringup/build/auv_camera_bringup' returned '0': CMAKE_PREFIX_PATH=/opt/ros/humble /usr/bin/cmake --build /home/nemo/ros_ws/src/auv_camera_bringup/build/auv_camera_bringup -- -j6 -l6
[33.053s] DEBUG:colcon.colcon_core.event_handler.log_command:Invoking command in '/home/nemo/ros_ws/src/auv_camera_bringup/build/auv_camera_bringup': CMAKE_PREFIX_PATH=/opt/ros/humble /usr/bin/cmake --install /home/nemo/ros_ws/src/auv_camera_bringup/build/auv_camera_bringup
[33.502s] Level 1:colcon.colcon_core.environment:create_environment_scripts_only(auv_camera_bringup)
[33.503s] DEBUG:colcon.colcon_core.event_handler.log_command:Invoked command in '/home/nemo/ros_ws/src/auv_camera_bringup/build/auv_camera_bringup' returned '0': CMAKE_PREFIX_PATH=/opt/ros/humble /usr/bin/cmake --install /home/nemo/ros_ws/src/auv_camera_bringup/build/auv_camera_bringup
[33.512s] Level 1:colcon.colcon_core.environment:checking '/home/nemo/ros_ws/src/auv_camera_bringup/install/auv_camera_bringup' for CMake module files
[33.514s] Level 1:colcon.colcon_core.environment:checking '/home/nemo/ros_ws/src/auv_camera_bringup/install/auv_camera_bringup' for CMake config files
[33.515s] Level 1:colcon.colcon_core.shell:create_environment_hook('auv_camera_bringup', 'cmake_prefix_path')
[33.516s] INFO:colcon.colcon_core.shell:Creating environment hook '/home/nemo/ros_ws/src/auv_camera_bringup/install/auv_camera_bringup/share/auv_camera_bringup/hook/cmake_prefix_path.ps1'
[33.518s] INFO:colcon.colcon_core.shell:Creating environment descriptor '/home/nemo/ros_ws/src/auv_camera_bringup/install/auv_camera_bringup/share/auv_camera_bringup/hook/cmake_prefix_path.dsv'
[33.520s] INFO:colcon.colcon_core.shell:Creating environment hook '/home/nemo/ros_ws/src/auv_camera_bringup/install/auv_camera_bringup/share/auv_camera_bringup/hook/cmake_prefix_path.sh'
[33.523s] Level 1:colcon.colcon_core.environment:checking '/home/nemo/ros_ws/src/auv_camera_bringup/install/auv_camera_bringup/lib'
[33.524s] Level 1:colcon.colcon_core.environment:checking '/home/nemo/ros_ws/src/auv_camera_bringup/install/auv_camera_bringup/bin'
[33.524s] Level 1:colcon.colcon_core.environment:checking '/home/nemo/ros_ws/src/auv_camera_bringup/install/auv_camera_bringup/lib/pkgconfig/auv_camera_bringup.pc'
[33.525s] Level 1:colcon.colcon_core.environment:checking '/home/nemo/ros_ws/src/auv_camera_bringup/install/auv_camera_bringup/lib/python3.10/site-packages'
[33.527s] Level 1:colcon.colcon_core.environment:checking '/home/nemo/ros_ws/src/auv_camera_bringup/install/auv_camera_bringup/bin'
[33.528s] INFO:colcon.colcon_core.shell:Creating package script '/home/nemo/ros_ws/src/auv_camera_bringup/install/auv_camera_bringup/share/auv_camera_bringup/package.ps1'
[33.532s] INFO:colcon.colcon_core.shell:Creating package descriptor '/home/nemo/ros_ws/src/auv_camera_bringup/install/auv_camera_bringup/share/auv_camera_bringup/package.dsv'
[33.534s] INFO:colcon.colcon_core.shell:Creating package script '/home/nemo/ros_ws/src/auv_camera_bringup/install/auv_camera_bringup/share/auv_camera_bringup/package.sh'
[33.537s] INFO:colcon.colcon_core.shell:Creating package script '/home/nemo/ros_ws/src/auv_camera_bringup/install/auv_camera_bringup/share/auv_camera_bringup/package.bash'
[33.540s] INFO:colcon.colcon_core.shell:Creating package script '/home/nemo/ros_ws/src/auv_camera_bringup/install/auv_camera_bringup/share/auv_camera_bringup/package.zsh'
[33.542s] Level 1:colcon.colcon_core.environment:create_file_with_runtime_dependencies(/home/nemo/ros_ws/src/auv_camera_bringup/install/auv_camera_bringup/share/colcon-core/packages/auv_camera_bringup)
[33.545s] Level 1:colcon.colcon_core.environment:create_environment_scripts_only(auv_camera_bringup)
[33.545s] Level 1:colcon.colcon_core.environment:checking '/home/nemo/ros_ws/src/auv_camera_bringup/install/auv_camera_bringup' for CMake module files
[33.547s] Level 1:colcon.colcon_core.environment:checking '/home/nemo/ros_ws/src/auv_camera_bringup/install/auv_camera_bringup' for CMake config files
[33.549s] Level 1:colcon.colcon_core.shell:create_environment_hook('auv_camera_bringup', 'cmake_prefix_path')
[33.550s] INFO:colcon.colcon_core.shell:Creating environment hook '/home/nemo/ros_ws/src/auv_camera_bringup/install/auv_camera_bringup/share/auv_camera_bringup/hook/cmake_prefix_path.ps1'
[33.551s] INFO:colcon.colcon_core.shell:Creating environment descriptor '/home/nemo/ros_ws/src/auv_camera_bringup/install/auv_camera_bringup/share/auv_camera_bringup/hook/cmake_prefix_path.dsv'
[33.553s] INFO:colcon.colcon_core.shell:Creating environment hook '/home/nemo/ros_ws/src/auv_camera_bringup/install/auv_camera_bringup/share/auv_camera_bringup/hook/cmake_prefix_path.sh'
[33.554s] Level 1:colcon.colcon_core.environment:checking '/home/nemo/ros_ws/src/auv_camera_bringup/install/auv_camera_bringup/lib'
[33.555s] Level 1:colcon.colcon_core.environment:checking '/home/nemo/ros_ws/src/auv_camera_bringup/install/auv_camera_bringup/bin'
[33.555s] Level 1:colcon.colcon_core.environment:checking '/home/nemo/ros_ws/src/auv_camera_bringup/install/auv_camera_bringup/lib/pkgconfig/auv_camera_bringup.pc'
[33.556s] Level 1:colcon.colcon_core.environment:checking '/home/nemo/ros_ws/src/auv_camera_bringup/install/auv_camera_bringup/lib/python3.10/site-packages'
[33.557s] Level 1:colcon.colcon_core.environment:checking '/home/nemo/ros_ws/src/auv_camera_bringup/install/auv_camera_bringup/bin'
[33.558s] INFO:colcon.colcon_core.shell:Creating package script '/home/nemo/ros_ws/src/auv_camera_bringup/install/auv_camera_bringup/share/auv_camera_bringup/package.ps1'
[33.560s] INFO:colcon.colcon_core.shell:Creating package descriptor '/home/nemo/ros_ws/src/auv_camera_bringup/install/auv_camera_bringup/share/auv_camera_bringup/package.dsv'
[33.562s] INFO:colcon.colcon_core.shell:Creating package script '/home/nemo/ros_ws/src/auv_camera_bringup/install/auv_camera_bringup/share/auv_camera_bringup/package.sh'
[33.563s] INFO:colcon.colcon_core.shell:Creating package script '/home/nemo/ros_ws/src/auv_camera_bringup/install/auv_camera_bringup/share/auv_camera_bringup/package.bash'
[33.564s] INFO:colcon.colcon_core.shell:Creating package script '/home/nemo/ros_ws/src/auv_camera_bringup/install/auv_camera_bringup/share/auv_camera_bringup/package.zsh'
[33.565s] Level 1:colcon.colcon_core.environment:create_file_with_runtime_dependencies(/home/nemo/ros_ws/src/auv_camera_bringup/install/auv_camera_bringup/share/colcon-core/packages/auv_camera_bringup)
[33.566s] DEBUG:colcon.colcon_parallel_executor.executor.parallel:closing loop
[33.567s] DEBUG:colcon.colcon_parallel_executor.executor.parallel:loop closed
[33.567s] DEBUG:colcon.colcon_parallel_executor.executor.parallel:run_until_complete finished with '0'
[33.567s] DEBUG:colcon.colcon_core.event_reactor:joining thread
[33.568s] DEBUG:colcon.colcon_core.event_reactor:joined thread
[33.569s] INFO:colcon.colcon_core.shell:Creating prefix script '/home/nemo/ros_ws/src/auv_camera_bringup/install/local_setup.ps1'
[33.573s] INFO:colcon.colcon_core.shell:Creating prefix util module '/home/nemo/ros_ws/src/auv_camera_bringup/install/_local_setup_util_ps1.py'
[33.577s] INFO:colcon.colcon_core.shell:Creating prefix chain script '/home/nemo/ros_ws/src/auv_camera_bringup/install/setup.ps1'
[33.580s] INFO:colcon.colcon_core.shell:Creating prefix script '/home/nemo/ros_ws/src/auv_camera_bringup/install/local_setup.sh'
[33.582s] INFO:colcon.colcon_core.shell:Creating prefix util module '/home/nemo/ros_ws/src/auv_camera_bringup/install/_local_setup_util_sh.py'
[33.583s] INFO:colcon.colcon_core.shell:Creating prefix chain script '/home/nemo/ros_ws/src/auv_camera_bringup/install/setup.sh'
[33.586s] INFO:colcon.colcon_core.shell:Creating prefix script '/home/nemo/ros_ws/src/auv_camera_bringup/install/local_setup.bash'
[33.588s] INFO:colcon.colcon_core.shell:Creating prefix chain script '/home/nemo/ros_ws/src/auv_camera_bringup/install/setup.bash'
[33.590s] INFO:colcon.colcon_core.shell:Creating prefix script '/home/nemo/ros_ws/src/auv_camera_bringup/install/local_setup.zsh'
[33.591s] INFO:colcon.colcon_core.shell:Creating prefix chain script '/home/nemo/ros_ws/src/auv_camera_bringup/install/setup.zsh'
